  Determining projects to restore...
  All projects are up-to-date for restore.
C:\Users\Kwaku Frimpong\Desktop\.NET Projects\SmartPowerOutageSystem\Services\OutageService.cs(83,16): error CS0246: The type or namespace name 'DataTable' could not be found (are you missing a using directive or an assembly reference?) [C:\Users\Kwaku Frimpong\Desktop\.NET Projects\SmartPowerOutageSystem\SmartPowerOutageSystem.csproj]

Build FAILED.

C:\Users\Kwaku Frimpong\Desktop\.NET Projects\SmartPowerOutageSystem\Services\OutageService.cs(83,16): error CS0246: The type or namespace name 'DataTable' could not be found (are you missing a using directive or an assembly reference?) [C:\Users\Kwaku Frimpong\Desktop\.NET Projects\SmartPowerOutageSystem\SmartPowerOutageSystem.csproj]
    0 Warning(s)
    1 Error(s)

Time Elapsed 00:00:01.49
